"blank"         "=========================="
"blank"         "#Valve_Movement_Title"
"blank"         "=========================="
"+fcforward"    "#Valve_Move_Forward"
"+fcback"       "#Valve_Move_Back"
"+fcleft"       "#Valve_Move_Left"
"+fcright"      "#Valve_Move_Right"
"+fcjump"       "#Valve_Jump"
"+duck"         "#Valve_Duck"
"+moveup"       "#Valve_Swim_Up"
"+movedown"     "#Valve_Swim_Down"
"+lookup"       "#Valve_Look_Up"
"+lookdown"     "#Valve_Look_Down"
"blank"         "=========================="
"blank"         "#Valve_Communication_Title"
"blank"         "=========================="
"+voicerecord"  "#Valve_Use_Voice_Communication"
"say"           "#Valve_Chat_Message"
"say_team"      "#Valve_Team_Message"
"say_party"     "Message (Party)"
"voice_menu_1"  "#TF_Voice_Menu_A"
"voice_menu_2"  "#TF_Voice_Menu_B"
"voice_menu_3"  "#TF_Voice_Menu_C"
"voicemenu 0 0" "#TF_Call_For_Medic"
"blank"         "=========================="
"blank"         "#TF_Title"
"blank"         "=========================="
"changeclass"   "#Valve_Change_Class"
"changeteam"    "#Valve_Change_Team"
"open_charinfo_direct" "#TF_Open_Charinfo"
"open_charinfo_backpack" "#TF_Open_Charinfo_Backpack"
"show_quest_log" "#TF_Show_Quest_Log"
"show_matchmaking" "#TF_Matchmaking_Show"
"+quickswitch"  "#TF_Quickswitch"
"load_itempreset 0" "#TF_LoadPreset0"
"load_itempreset 1" "#TF_LoadPreset1"
"load_itempreset 2" "#TF_LoadPreset2"
"load_itempreset 3" "#TF_LoadPreset3"
"dropitem"      "#TF_DropFlag"
"+taunt"        "#TF_Taunt"
"+use_action_slot_item" "#TF_Action"
"+context_action" "#TF_Context_Action"
"showmapinfo"   "#TF_MapInfo"
"inspect"       "#TF_Inspect"
"callvote"      "#TF_call_vote"
"player_ready_toggle" "#TF_Player_ReadyToggle"
"blank"         "=========================="
"blank"         "#TF_ClassSpecific_Keys"
"blank"         "=========================="
"+classkey"     "SOLDIER: Rocketjump"
"+classkey"     "PYRO: Rocketjump"
"+classkey"     "ENGINEER: Buildscript"
"+classkey"     "MEDIC: Special Attack"
"+classkey"     "SPY: Lastdisguise"
"+fcattack2"    "#TF_ClassSkill_Demoman"
"+fcattack2"    "#TF_ClassSkill_Heavy"
"+fcattack2"    "#TF_ClassSkill_Medic"
"+fcattack2"    "#TF_ClassSkill_Sniper"
"+fcattack2"    "#TF_ClassSkill_Spy"
"lastdisguise"  "#TF_ClassSkill_Spy_LastDisguise"
"disguiseteam"  "#TF_ClassSkill_Spy_DisguiseTeam"
"blank"         "=========================="
"blank"         "#Valve_Combat_Title"
"blank"         "=========================="
"+fcattack"     "#Valve_Primary_Attack"
"+attack3"      "#TF_Special_Attack"
"+reload"       "#Valve_Reload_Weapon"
"fc_invprev"    "#Valve_Previous_Weapon"
"fc_invnext"    "#Valve_Next_Weapon"
"fc_lastinv"    "#Valve_Last_Weapon_Used"
"+slot1"        "#Valve_Weapon_Category_1"
"+slot2"        "#Valve_Weapon_Category_2"
"+slot3"        "#Valve_Weapon_Category_3"
"+slot4"        "#Valve_Weapon_Category_4"
"+slot5"        "#Valve_Weapon_Category_5"
"slot6"         "#Valve_Weapon_Category_6"
"slot7"         "#Valve_Weapon_Category_7"
"slot8"         "#Valve_Weapon_Category_8"
"slot9"         "#Valve_Weapon_Category_9"
"slot10"        "#Valve_Weapon_Category_0"
"blank"         "=========================="
"blank"         "#Valve_Miscellaneous_Title"
"blank"         "=========================="
"+menu"         "Menu"
"reload_config" "Reload Config"
"tr_teleport"   "tr_teleport"
"impulse 201"   "#Valve_Spray_Logo"
"+showscores"   "#Valve_Display_Scores"
"screenshot"    "#Valve_Take_Screen_Shot"
"save_replay"   "#Replay_SaveReplay"
"abuse_report_queue" "#AbuseReport_QueueCommandName"
"quit"          "#Valve_Quit_Game"
"toggleconsole" "#Valve_Console_Toggle"
"askconnect_accept" "#Valve_Accept_Redirect"
"cl_trigger_first_notification" "#TF_Notification_Trigger"
"cl_decline_first_notification" "#TF_Notification_Decline"
"blank"         "=========================="
"blank"         "VOICE COMMANDS"
"blank"         "=========================="
"+voicemenu"    "KF-like voicemenu"
"say_ammo"      "No Ammo!"
"say_sorry"     "Sorry!"
"say_wait       "Wait for me!"
"voicemenu 0 1" "Thanks!"
"voicemenu 0 2" "Go go go!"
"voicemenu 0 3" "Move up!"
"voicemenu 0 4" "Flank left!"
"voicemenu 0 5" "Flank right!"
"voicemenu 0 6" "Yes!"
"voicemenu 0 7" "No!"
"voicemenu 1 0" "Incoming"
"voicemenu 1 1" "Spy!"
"voicemenu 1 2" "Sentry ahead"
"voicemenu 1 3" "Need a Teleporter here!"
"voicemenu 1 4" "Need a Dispenser here!"
"voicemenu 1 5" "Need a Sentry here!"
"voicemenu 1 6" "Activate UberCharge!"
"voicemenu 1 7" "(Medic) UberCharge Ready!"
"voicemenu 2 0" "Help!"
"voicemenu 2 1" "Battle Cry"
"voicemenu 2 2" "Cheers"
"voicemenu 2 3" "Jeers"
"voicemenu 2 4" "Positive"
"voicemenu 2 5" "Negative"
"voicemenu 2 6" "Nice Shot!"
"voicemenu 2 7" "Good Job!"
